ARM Linker, 5.03 [Build 76] [MDK-ARM Lite]

==============================================================================

Section Cross References

    lpc2300.o(STACK) refers (Special) to heapauxi.o(.text) for __use_two_region_memory
    lpc2300.o(HEAP) refers (Special) to heapauxi.o(.text) for __use_two_region_memory
    lpc2300.o(RESET) refers (Special) to heapauxi.o(.text) for __use_two_region_memory
    lpc2300.o(RESET) refers to lpc2300.o(STACK) for Stack_Top
    lpc2300.o(RESET) refers to __main.o(!!!main) for __main
    lpc2300.o(.text) refers (Special) to heapauxi.o(.text) for __use_two_region_memory
    lpc2300.o(.text) refers to lpc2300.o(HEAP) for Heap_Mem
    lpc2300.o(.text) refers to lpc2300.o(STACK) for Stack_Mem
    lcd.o(.text) refers to lcd.o(.constdata) for UserFont
    lcd_adc_2024ht01026.o(.text) refers to _printf_percent.o(.ARM.Collect$$_printf_percent$$00000000) for _printf_percent
    lcd_adc_2024ht01026.o(.text) refers to _printf_f.o(.ARM.Collect$$_printf_percent$$00000003) for _printf_f
    lcd_adc_2024ht01026.o(.text) refers to printf1.o(x$fpl$printf1) for _printf_fp_dec
    lcd_adc_2024ht01026.o(.text) refers to rt_memclr_w.o(.text) for __aeabi_memclr4
    lcd_adc_2024ht01026.o(.text) refers to lcd.o(.text) for lcd_init
    lcd_adc_2024ht01026.o(.text) refers to dflt_noclz.o(x$fpl$dfltu) for __aeabi_ui2d
    lcd_adc_2024ht01026.o(.text) refers to ddiv.o(x$fpl$ddiv) for __aeabi_ddiv
    lcd_adc_2024ht01026.o(.text) refers to dmul.o(x$fpl$dmul) for __aeabi_dmul
    lcd_adc_2024ht01026.o(.text) refers to d2f.o(x$fpl$d2f) for __aeabi_d2f
    lcd_adc_2024ht01026.o(.text) refers to f2d.o(x$fpl$f2d) for __aeabi_f2d
    lcd_adc_2024ht01026.o(.text) refers to noretval__2sprintf.o(.text) for __2sprintf
    __2sprintf.o(.text) refers to _printf_char_common.o(.text) for _printf_char_common
    __2sprintf.o(.text) refers to _sputc.o(.text) for _sputc
    noretval__2sprintf.o(.text) refers to _printf_char_common.o(.text) for _printf_char_common
    noretval__2sprintf.o(.text) refers to _sputc.o(.text) for _sputc
    __printf.o(.text) refers to __printf.o(i.__ARM_common_call_via_r1) for __ARM_common_call_via_r1
    __printf.o(.text) refers to _printf_percent.o(.ARM.Collect$$_printf_percent$$00000000) for _printf_percent
    __printf.o(.text) refers to __printf.o(i.__ARM_common_call_via_r2) for __ARM_common_call_via_r2
    __printf_flags.o(.text) refers to __printf.o(i.__ARM_common_call_via_r1) for __ARM_common_call_via_r1
    __printf_flags.o(.text) refers to _printf_percent.o(.ARM.Collect$$_printf_percent$$00000000) for _printf_percent
    __printf_flags.o(.text) refers to __printf.o(i.__ARM_common_call_via_r2) for __ARM_common_call_via_r2
    __printf_flags.o(.text) refers to __printf_flags.o(.constdata) for .constdata
    __printf_ss.o(.text) refers to __printf.o(i.__ARM_common_call_via_r1) for __ARM_common_call_via_r1
    __printf_ss.o(.text) refers to _printf_percent.o(.ARM.Collect$$_printf_percent$$00000000) for _printf_percent
    __printf_ss.o(.text) refers to __printf.o(i.__ARM_common_call_via_r2) for __ARM_common_call_via_r2
    __printf_flags_ss.o(.text) refers to __printf.o(i.__ARM_common_call_via_r1) for __ARM_common_call_via_r1
    __printf_flags_ss.o(.text) refers to _printf_percent.o(.ARM.Collect$$_printf_percent$$00000000) for _printf_percent
    __printf_flags_ss.o(.text) refers to __printf.o(i.__ARM_common_call_via_r2) for __ARM_common_call_via_r2
    __printf_flags_ss.o(.text) refers to __printf_flags_ss.o(.constdata) for .constdata
    __printf_wp.o(.text) refers to __printf.o(i.__ARM_common_call_via_r1) for __ARM_common_call_via_r1
    __printf_wp.o(.text) refers to __printf_wp.o(i._is_digit) for _is_digit
    __printf_wp.o(.text) refers to _printf_percent.o(.ARM.Collect$$_printf_percent$$00000000) for _printf_percent
    __printf_wp.o(.text) refers to __printf.o(i.__ARM_common_call_via_r2) for __ARM_common_call_via_r2
    __printf_flags_wp.o(.text) refers to __printf.o(i.__ARM_common_call_via_r1) for __ARM_common_call_via_r1
    __printf_flags_wp.o(.text) refers to __printf_wp.o(i._is_digit) for _is_digit
    __printf_flags_wp.o(.text) refers to _printf_percent.o(.ARM.Collect$$_printf_percent$$00000000) for _printf_percent
    __printf_flags_wp.o(.text) refers to __printf.o(i.__ARM_common_call_via_r2) for __ARM_common_call_via_r2
    __printf_flags_wp.o(.text) refers to __printf_flags_wp.o(.constdata) for .constdata
    __printf_ss_wp.o(.text) refers to __printf.o(i.__ARM_common_call_via_r1) for __ARM_common_call_via_r1
    __printf_ss_wp.o(.text) refers to __printf_wp.o(i._is_digit) for _is_digit
    __printf_ss_wp.o(.text) refers to _printf_percent.o(.ARM.Collect$$_printf_percent$$00000000) for _printf_percent
    __printf_ss_wp.o(.text) refers to __printf.o(i.__ARM_common_call_via_r2) for __ARM_common_call_via_r2
    __printf_flags_ss_wp.o(.text) refers to __printf.o(i.__ARM_common_call_via_r1) for __ARM_common_call_via_r1
    __printf_flags_ss_wp.o(.text) refers to __printf_wp.o(i._is_digit) for _is_digit
    __printf_flags_ss_wp.o(.text) refers to _printf_percent.o(.ARM.Collect$$_printf_percent$$00000000) for _printf_percent
    __printf_flags_ss_wp.o(.text) refers to __printf.o(i.__ARM_common_call_via_r2) for __ARM_common_call_via_r2
    __printf_flags_ss_wp.o(.text) refers to __printf_flags_ss_wp.o(.constdata) for .constdata
    _printf_f.o(.ARM.Collect$$_printf_percent$$00000003) refers (Weak) to printf1.o(x$fpl$printf1) for _printf_fp_dec
    _printf_percent.o(.ARM.Collect$$_printf_percent$$00000000) refers (Special) to _printf_percent_end.o(.ARM.Collect$$_printf_percent$$00000017) for _printf_percent_end
    __main.o(!!!main) refers to rtentry.o(.ARM.Collect$$rtentry$$00000000) for __rt_entry
    d2f.o(x$fpl$d2f) refers (Special) to usenofp.o(x$fpl$usenofp) for __I$use$fp
    d2f.o(x$fpl$d2f) refers to fretinf.o(x$fpl$fretinf) for __fpl_fretinf
    d2f.o(x$fpl$d2f) refers to dnaninf.o(x$fpl$dnaninf) for __fpl_dnaninf
    ddiv.o(x$fpl$drdiv) refers (Special) to usenofp.o(x$fpl$usenofp) for __I$use$fp
    ddiv.o(x$fpl$drdiv) refers to ddiv.o(x$fpl$ddiv) for ddiv_entry
    ddiv.o(x$fpl$ddiv) refers (Special) to usenofp.o(x$fpl$usenofp) for __I$use$fp
    ddiv.o(x$fpl$ddiv) refers to dretinf.o(x$fpl$dretinf) for __fpl_dretinf
    ddiv.o(x$fpl$ddiv) refers to dnaninf.o(x$fpl$dnaninf) for __fpl_dnaninf
    dflt_noclz.o(x$fpl$dfltu) refers (Special) to usenofp.o(x$fpl$usenofp) for __I$use$fp
    dflt_noclz.o(x$fpl$dfltu) refers to dflt_noclz.o(x$fpl$dflt) for __dflt_normalise
    dflt_noclz.o(x$fpl$dflt) refers (Special) to usenofp.o(x$fpl$usenofp) for __I$use$fp
    dmul.o(x$fpl$dmul) refers (Special) to usenofp.o(x$fpl$usenofp) for __I$use$fp
    dmul.o(x$fpl$dmul) refers to dretinf.o(x$fpl$dretinf) for __fpl_dretinf
    dmul.o(x$fpl$dmul) refers to dnaninf.o(x$fpl$dnaninf) for __fpl_dnaninf
    f2d.o(x$fpl$f2d) refers (Special) to usenofp.o(x$fpl$usenofp) for __I$use$fp
    f2d.o(x$fpl$f2d) refers to fnaninf.o(x$fpl$fnaninf) for __fpl_fnaninf
    f2d.o(x$fpl$f2d) refers to dretinf.o(x$fpl$dretinf) for __fpl_dretinf
    printf1.o(x$fpl$printf1) refers to _printf_fp_dec.o(.text) for _printf_fp_dec_real
    rtentry.o(.ARM.Collect$$rtentry$$00000000) refers (Special) to rtentry2.o(.ARM.Collect$$rtentry$$0000000A) for __rt_entry_li
    rtentry.o(.ARM.Collect$$rtentry$$00000000) refers (Special) to rtentry2.o(.ARM.Collect$$rtentry$$0000000D) for __rt_entry_main
    rtentry.o(.ARM.Collect$$rtentry$$00000000) refers (Special) to rtentry2.o(.ARM.Collect$$rtentry$$0000000C) for __rt_entry_postli_1
    rtentry.o(.ARM.Collect$$rtentry$$00000000) refers (Special) to rtentry2.o(.ARM.Collect$$rtentry$$00000009) for __rt_entry_postsh_1
    rtentry.o(.ARM.Collect$$rtentry$$00000000) refers (Special) to rtentry2.o(.ARM.Collect$$rtentry$$00000002) for __rt_entry_presh_1
    rtentry.o(.ARM.Collect$$rtentry$$00000000) refers (Special) to rtentry4.o(.ARM.Collect$$rtentry$$00000004) for __rt_entry_sh
    _printf_fp_dec.o(.text) refers (Special) to usenofp.o(x$fpl$usenofp) for __I$use$fp
    _printf_fp_dec.o(.text) refers (Special) to lc_numeric_c.o(locale$$code) for _get_lc_numeric
    _printf_fp_dec.o(.text) refers to istatus.o(x$fpl$ieeestatus) for __ieee_status
    _printf_fp_dec.o(.text) refers to bigflt0.o(.text) for _btod_etento
    _printf_fp_dec.o(.text) refers to btod.o(CL$$btod_d2e) for _btod_d2e
    _printf_fp_dec.o(.text) refers to btod.o(CL$$btod_ediv) for _btod_ediv
    _printf_fp_dec.o(.text) refers to btod.o(CL$$btod_emul) for _btod_emul
    _printf_fp_dec.o(.text) refers to lludiv10.o(.text) for _ll_udiv10
    _printf_fp_dec.o(.text) refers to fpclassify.o(i.__ARM_fpclassify) for __ARM_fpclassify
    _printf_fp_dec.o(.text) refers to _printf_fp_infnan.o(.text) for _printf_fp_infnan
    _printf_fp_dec.o(.text) refers to rtudiv10.o(.text) for __rt_udiv10
    _printf_fp_dec.o(.text) refers to __printf.o(i.__ARM_common_call_via_r2) for __ARM_common_call_via_r2
    _printf_fp_dec.o(.text) refers to rt_locale_intlibspace.o(.text) for __rt_locale
    _printf_char_common.o(.text) refers to __printf_wp.o(.text) for __printf
    dnaninf.o(x$fpl$dnaninf) refers (Special) to usenofp.o(x$fpl$usenofp) for __I$use$fp
    dretinf.o(x$fpl$dretinf) refers (Special) to usenofp.o(x$fpl$usenofp) for __I$use$fp
    fnaninf.o(x$fpl$fnaninf) refers (Special) to usenofp.o(x$fpl$usenofp) for __I$use$fp
    fretinf.o(x$fpl$fretinf) refers (Special) to usenofp.o(x$fpl$usenofp) for __I$use$fp
    rtentry2.o(.ARM.Collect$$rtentry$$00000008) refers to boardinit2.o(.text) for _platform_post_stackheap_init
    rtentry2.o(.ARM.Collect$$rtentry$$0000000A) refers to libinit.o(.ARM.Collect$$libinit$$00000000) for __rt_lib_init
    rtentry2.o(.ARM.Collect$$rtentry$$0000000B) refers to boardinit3.o(.text) for _platform_post_lib_init
    rtentry2.o(.ARM.Collect$$rtentry$$0000000D) refers to exit.o(.text) for exit
    rtentry2.o(.ARM.Collect$$rtentry$$0000000D) refers to lcd_adc_2024ht01026.o(.text) for main
    rtentry2.o(.ARM.exidx) refers to rtentry2.o(.ARM.Collect$$rtentry$$00000001) for .ARM.Collect$$rtentry$$00000001
    rtentry2.o(.ARM.exidx) refers to rtentry2.o(.ARM.Collect$$rtentry$$00000008) for .ARM.Collect$$rtentry$$00000008
    rtentry2.o(.ARM.exidx) refers to rtentry2.o(.ARM.Collect$$rtentry$$0000000A) for .ARM.Collect$$rtentry$$0000000A
    rtentry2.o(.ARM.exidx) refers to rtentry2.o(.ARM.Collect$$rtentry$$0000000B) for .ARM.Collect$$rtentry$$0000000B
    rtentry2.o(.ARM.exidx) refers to rtentry2.o(.ARM.Collect$$rtentry$$0000000D) for .ARM.Collect$$rtentry$$0000000D
    rtentry4.o(.ARM.Collect$$rtentry$$00000004) refers to sys_stackheap_outer.o(.text) for __user_setup_stackheap
    rtentry4.o(.ARM.exidx) refers to rtentry4.o(.ARM.Collect$$rtentry$$00000004) for .ARM.Collect$$rtentry$$00000004
    rt_locale.o(.text) refers to rt_locale.o(.bss) for __rt_locale_data
    rt_locale_intlibspace.o(.text) refers to libspace.o(.bss) for __libspace_start
    _printf_fp_infnan.o(.text) refers to __printf.o(i.__ARM_common_call_via_r2) for __ARM_common_call_via_r2
    __printf_nopercent.o(.text) refers to __printf_nopercent.o(i.__ARM_common_call_via_r7) for __ARM_common_call_via_r7
    __printf_nopercent.o(.text) refers to __printf_nopercent.o(i.__ARM_common_call_via_r5) for __ARM_common_call_via_r5
    bigflt0.o(.text) refers (Special) to usenofp.o(x$fpl$usenofp) for __I$use$fp
    bigflt0.o(.text) refers to aeabi_sdiv.o(.text) for __aeabi_idivmod
    bigflt0.o(.text) refers to btod.o(CL$$btod_emul) for _btod_emul
    bigflt0.o(.text) refers to btod.o(CL$$btod_ediv) for _btod_ediv
    bigflt0.o(.text) refers to bigflt0.o(.constdata) for .constdata
    bigflt0.o(.constdata) refers (Special) to usenofp.o(x$fpl$usenofp) for __I$use$fp
    btod.o(CL$$btod_d2e) refers (Special) to usenofp.o(x$fpl$usenofp) for __I$use$fp
    btod.o(CL$$btod_d2e) refers to btod.o(CL$$btod_d2e_norm_op1) for _d2e_norm_op1
    btod.o(CL$$btod_d2e_norm_op1) refers (Special) to usenofp.o(x$fpl$usenofp) for __I$use$fp
    btod.o(CL$$btod_d2e_norm_op1) refers to btod.o(CL$$btod_d2e_denorm_low) for _d2e_denorm_low
    btod.o(CL$$btod_d2e_denorm_low) refers (Special) to usenofp.o(x$fpl$usenofp) for __I$use$fp
    btod.o(CL$$btod_emul) refers (Special) to usenofp.o(x$fpl$usenofp) for __I$use$fp
    btod.o(CL$$btod_emul) refers to btod.o(CL$$btod_mult_common) for __btod_mult_common
    btod.o(CL$$btod_emul) refers to btod.o(CL$$btod_e2e) for _e2e
    btod.o(CL$$btod_ediv) refers (Special) to usenofp.o(x$fpl$usenofp) for __I$use$fp
    btod.o(CL$$btod_ediv) refers to btod.o(CL$$btod_div_common) for __btod_div_common
    btod.o(CL$$btod_ediv) refers to btod.o(CL$$btod_e2e) for _e2e
    btod.o(CL$$btod_emuld) refers (Special) to usenofp.o(x$fpl$usenofp) for __I$use$fp
    btod.o(CL$$btod_emuld) refers to btod.o(CL$$btod_mult_common) for __btod_mult_common
    btod.o(CL$$btod_emuld) refers to btod.o(CL$$btod_e2d) for _e2d
    btod.o(CL$$btod_edivd) refers (Special) to usenofp.o(x$fpl$usenofp) for __I$use$fp
    btod.o(CL$$btod_edivd) refers to btod.o(CL$$btod_div_common) for __btod_div_common
    btod.o(CL$$btod_edivd) refers to btod.o(CL$$btod_e2d) for _e2d
    btod.o(CL$$btod_e2e) refers (Special) to usenofp.o(x$fpl$usenofp) for __I$use$fp
    btod.o(CL$$btod_e2d) refers (Special) to usenofp.o(x$fpl$usenofp) for __I$use$fp
    btod.o(CL$$btod_e2d) refers to btod.o(CL$$btod_e2e) for _e2e
    btod.o(CL$$btod_mult_common) refers (Special) to usenofp.o(x$fpl$usenofp) for __I$use$fp
    btod.o(CL$$btod_div_common) refers (Special) to usenofp.o(x$fpl$usenofp) for __I$use$fp
    lc_numeric_c.o(locale$$data) refers (Special) to libinit2.o(.ARM.Collect$$libinit$$00000014) for __rt_lib_init_lc_numeric_2
    lc_numeric_c.o(locale$$code) refers (Special) to libinit2.o(.ARM.Collect$$libinit$$00000014) for __rt_lib_init_lc_numeric_2
    lc_numeric_c.o(locale$$code) refers to strcmp.o(.text) for strcmp
    lc_numeric_c.o(locale$$code) refers to lc_numeric_c.o(locale$$data) for __lcnum_c_name
    istatus.o(x$fpl$ieeestatus) refers (Special) to usenofp.o(x$fpl$usenofp) for __I$use$fp
    fpclassify.o(i.__ARM_fpclassify) refers (Special) to usenofp.o(x$fpl$usenofp) for __I$use$fp
    libspace.o(.text) refers to libspace.o(.bss) for __libspace_start
    sys_stackheap_outer.o(.text) refers to libspace.o(.text) for __user_perproc_libspace
    sys_stackheap_outer.o(.text) refers to lpc2300.o(.text) for __user_initial_stackheap
    exit.o(.text) refers to rtexit.o(.ARM.Collect$$rtexit$$00000000) for __rt_exit
    aeabi_sdiv.o(.text_udiv) refers to aeabi_sdiv.o(.text) for __arm_div2
    aeabi_sdiv_div0.o(.text_udiv) refers to aeabi_sdiv_div0.o(.text) for __arm_div2
    libinit.o(.ARM.Collect$$libinit$$00000000) refers (Special) to libinit2.o(.ARM.Collect$$libinit$$0000002C) for __rt_lib_init_alloca_1
    libinit.o(.ARM.Collect$$libinit$$00000000) refers (Special) to libinit2.o(.ARM.Collect$$libinit$$0000002A) for __rt_lib_init_argv_1
    libinit.o(.ARM.Collect$$libinit$$00000000) refers (Special) to libinit2.o(.ARM.Collect$$libinit$$00000019) for __rt_lib_init_atexit_1
    libinit.o(.ARM.Collect$$libinit$$00000000) refers (Special) to libinit2.o(.ARM.Collect$$libinit$$0000001F) for __rt_lib_init_clock_1
    libinit.o(.ARM.Collect$$libinit$$00000000) refers (Special) to libinit2.o(.ARM.Collect$$libinit$$00000030) for __rt_lib_init_cpp_1
    libinit.o(.ARM.Collect$$libinit$$00000000) refers (Special) to libinit2.o(.ARM.Collect$$libinit$$0000002E) for __rt_lib_init_exceptions_1
    libinit.o(.ARM.Collect$$libinit$$00000000) refers (Special) to libinit2.o(.ARM.Collect$$libinit$$00000002) for __rt_lib_init_fp_1
    libinit.o(.ARM.Collect$$libinit$$00000000) refers (Special) to libinit2.o(.ARM.Collect$$libinit$$0000001D) for __rt_lib_init_fp_trap_1
    libinit.o(.ARM.Collect$$libinit$$00000000) refers (Special) to libinit2.o(.ARM.Collect$$libinit$$00000021) for __rt_lib_init_getenv_1
    libinit.o(.ARM.Collect$$libinit$$00000000) refers (Special) to libinit2.o(.ARM.Collect$$libinit$$00000008) for __rt_lib_init_heap_1
    libinit.o(.ARM.Collect$$libinit$$00000000) refers (Special) to libinit2.o(.ARM.Collect$$libinit$$0000000F) for __rt_lib_init_lc_collate_1
    libinit.o(.ARM.Collect$$libinit$$00000000) refers (Special) to libinit2.o(.ARM.Collect$$libinit$$00000011) for __rt_lib_init_lc_ctype_1
    libinit.o(.ARM.Collect$$libinit$$00000000) refers (Special) to libinit2.o(.ARM.Collect$$libinit$$00000013) for __rt_lib_init_lc_monetary_1
    libinit.o(.ARM.Collect$$libinit$$00000000) refers (Special) to libinit2.o(.ARM.Collect$$libinit$$00000015) for __rt_lib_init_lc_numeric_1
    libinit.o(.ARM.Collect$$libinit$$00000000) refers (Special) to libinit2.o(.ARM.Collect$$libinit$$00000017) for __rt_lib_init_lc_time_1
    libinit.o(.ARM.Collect$$libinit$$00000000) refers (Special) to libinit2.o(.ARM.Collect$$libinit$$0000000C) for __rt_lib_init_rand_1
    libinit.o(.ARM.Collect$$libinit$$00000000) refers (Special) to libinit2.o(.ARM.Collect$$libinit$$00000031) for __rt_lib_init_return
    libinit.o(.ARM.Collect$$libinit$$00000000) refers (Special) to libinit2.o(.ARM.Collect$$libinit$$0000001B) for __rt_lib_init_signal_1
    libinit.o(.ARM.Collect$$libinit$$00000000) refers (Special) to libinit2.o(.ARM.Collect$$libinit$$00000023) for __rt_lib_init_stdio_1
    libinit.o(.ARM.Collect$$libinit$$00000000) refers (Special) to libinit2.o(.ARM.Collect$$libinit$$0000000A) for __rt_lib_init_user_alloc_1
    libinit2.o(.ARM.Collect$$libinit$$00000001) refers to fpinit.o(x$fpl$fpinit) for _fp_init
    libinit2.o(.ARM.Collect$$libinit$$0000000D) refers (Weak) to rt_locale_intlibspace.o(.text) for __rt_locale
    libinit2.o(.ARM.Collect$$libinit$$0000000E) refers to libinit2.o(.ARM.Collect$$libinit$$0000000D) for .ARM.Collect$$libinit$$0000000D
    libinit2.o(.ARM.Collect$$libinit$$00000010) refers to libinit2.o(.ARM.Collect$$libinit$$0000000D) for .ARM.Collect$$libinit$$0000000D
    libinit2.o(.ARM.Collect$$libinit$$00000012) refers to libinit2.o(.ARM.Collect$$libinit$$0000000D) for .ARM.Collect$$libinit$$0000000D
    libinit2.o(.ARM.Collect$$libinit$$00000014) refers to libinit2.o(.ARM.Collect$$libinit$$0000000D) for .ARM.Collect$$libinit$$0000000D
    libinit2.o(.ARM.Collect$$libinit$$00000014) refers (Weak) to lc_numeric_c.o(locale$$code) for _get_lc_numeric
    libinit2.o(.ARM.Collect$$libinit$$00000016) refers to libinit2.o(.ARM.Collect$$libinit$$0000000D) for .ARM.Collect$$libinit$$0000000D
    libinit2.o(.ARM.Collect$$libinit$$00000024) refers to argv_veneer.o(.emb_text) for __ARM_argv_veneer
    libinit2.o(.ARM.Collect$$libinit$$00000025) refers to argv_veneer.o(.emb_text) for __ARM_argv_veneer
    rtexit.o(.ARM.Collect$$rtexit$$00000000) refers (Special) to rtexit2.o(.ARM.Collect$$rtexit$$00000004) for __rt_exit_exit
    rtexit.o(.ARM.Collect$$rtexit$$00000000) refers (Special) to rtexit2.o(.ARM.Collect$$rtexit$$00000003) for __rt_exit_ls
    rtexit.o(.ARM.Collect$$rtexit$$00000000) refers (Special) to rtexit2.o(.ARM.Collect$$rtexit$$00000002) for __rt_exit_prels_1
    rtexit.o(.ARM.exidx) refers (Special) to rtexit2.o(.ARM.Collect$$rtexit$$00000004) for __rt_exit_exit
    rtexit.o(.ARM.exidx) refers (Special) to rtexit2.o(.ARM.Collect$$rtexit$$00000003) for __rt_exit_ls
    rtexit.o(.ARM.exidx) refers (Special) to rtexit2.o(.ARM.Collect$$rtexit$$00000002) for __rt_exit_prels_1
    rtexit.o(.ARM.exidx) refers to rtexit.o(.ARM.Collect$$rtexit$$00000000) for .ARM.Collect$$rtexit$$00000000
    aeabi_idiv0_sigfpe.o(.text) refers to rt_div0.o(.text) for __rt_div0
    argv_veneer.o(.emb_text) refers to no_argv.o(.text) for __ARM_get_argv
    rtexit2.o(.ARM.Collect$$rtexit$$00000003) refers to libshutdown.o(.ARM.Collect$$libshutdown$$00000000) for __rt_lib_shutdown
    rtexit2.o(.ARM.Collect$$rtexit$$00000004) refers to sys_exit.o(.text) for _sys_exit
    rtexit2.o(.ARM.exidx) refers to rtexit2.o(.ARM.Collect$$rtexit$$00000001) for .ARM.Collect$$rtexit$$00000001
    rtexit2.o(.ARM.exidx) refers to rtexit2.o(.ARM.Collect$$rtexit$$00000003) for .ARM.Collect$$rtexit$$00000003
    rtexit2.o(.ARM.exidx) refers to rtexit2.o(.ARM.Collect$$rtexit$$00000004) for .ARM.Collect$$rtexit$$00000004
    rt_div0.o(.text) refers to defsig_fpe_outer.o(.text) for __rt_SIGFPE
    _get_argv_nomalloc.o(.text) refers (Special) to hrguard.o(.text) for __heap_region$guard
    _get_argv_nomalloc.o(.text) refers to defsig_rtmem_outer.o(.text) for __rt_SIGRTMEM
    _get_argv_nomalloc.o(.text) refers to sys_command.o(.text) for _sys_command_string
    sys_command.o(.text) refers (Special) to use_no_semi.o(.text) for __I$use$semihosting
    sys_command.o(.text) refers (Special) to indicate_semi.o(.text) for __semihosting_library_function
    sys_exit.o(.text) refers (Special) to use_no_semi.o(.text) for __I$use$semihosting
    sys_exit.o(.text) refers (Special) to indicate_semi.o(.text) for __semihosting_library_function
    defsig_fpe_outer.o(.text) refers to defsig_fpe_inner.o(.text) for __rt_SIGFPE_inner
    defsig_fpe_outer.o(.text) refers to defsig_exit.o(.text) for __sig_exit
    defsig_fpe_formal.o(.text) refers to rt_raise.o(.text) for __rt_raise
    defsig_rtmem_outer.o(.text) refers to defsig_rtmem_inner.o(.text) for __rt_SIGRTMEM_inner
    defsig_rtmem_outer.o(.text) refers to defsig_exit.o(.text) for __sig_exit
    defsig_rtmem_formal.o(.text) refers to rt_raise.o(.text) for __rt_raise
    libshutdown.o(.ARM.Collect$$libshutdown$$00000000) refers (Special) to libshutdown2.o(.ARM.Collect$$libshutdown$$00000006) for __rt_lib_shutdown_fp_trap_1
    libshutdown.o(.ARM.Collect$$libshutdown$$00000000) refers (Special) to libshutdown2.o(.ARM.Collect$$libshutdown$$0000000E) for __rt_lib_shutdown_heap_1
    libshutdown.o(.ARM.Collect$$libshutdown$$00000000) refers (Special) to libshutdown2.o(.ARM.Collect$$libshutdown$$0000000F) for __rt_lib_shutdown_return
    libshutdown.o(.ARM.Collect$$libshutdown$$00000000) refers (Special) to libshutdown2.o(.ARM.Collect$$libshutdown$$00000009) for __rt_lib_shutdown_signal_1
    libshutdown.o(.ARM.Collect$$libshutdown$$00000000) refers (Special) to libshutdown2.o(.ARM.Collect$$libshutdown$$00000003) for __rt_lib_shutdown_stdio_1
    libshutdown.o(.ARM.Collect$$libshutdown$$00000000) refers (Special) to libshutdown2.o(.ARM.Collect$$libshutdown$$0000000B) for __rt_lib_shutdown_user_alloc_1
    rt_raise.o(.text) refers to __raise.o(.text) for __raise
    rt_raise.o(.text) refers to sys_exit.o(.text) for _sys_exit
    defsig_exit.o(.text) refers to sys_exit.o(.text) for _sys_exit
    defsig_fpe_inner.o(.text) refers to defsig_general.o(.text) for __default_signal_display
    defsig_rtmem_inner.o(.text) refers to defsig_general.o(.text) for __default_signal_display
    __raise.o(.text) refers to __printf.o(i.__ARM_common_call_via_r2) for __ARM_common_call_via_r2
    __raise.o(.text) refers to defsig.o(CL$$defsig) for __default_signal_handler
    defsig_general.o(.text) refers to sys_wrch.o(.text) for _ttywrch
    sys_wrch.o(.text) refers (Special) to use_no_semi.o(.text) for __I$use$semihosting
    sys_wrch.o(.text) refers (Special) to indicate_semi.o(.text) for __semihosting_library_function
    defsig.o(CL$$defsig) refers to defsig_fpe_inner.o(.text) for __rt_SIGFPE_inner
    defsig.o(CL$$defsig) refers to defsig_rtmem_inner.o(.text) for __rt_SIGRTMEM_inner
    defsig_abrt_inner.o(.text) refers to defsig_general.o(.text) for __default_signal_display
    defsig_rtred_inner.o(.text) refers to defsig_general.o(.text) for __default_signal_display
    defsig_stak_inner.o(.text) refers to defsig_general.o(.text) for __default_signal_display
    defsig_pvfn_inner.o(.text) refers to defsig_general.o(.text) for __default_signal_display
    defsig_cppl_inner.o(.text) refers to defsig_general.o(.text) for __default_signal_display
    defsig_segv_inner.o(.text) refers to defsig_general.o(.text) for __default_signal_display
    defsig_other.o(.text) refers to defsig_general.o(.text) for __default_signal_display


==============================================================================

Adding Veneers to the image

    Adding TA veneer (4 bytes, Inline) for call to '_printf_percent' from __printf_wp.o(.text).
    Adding AT veneer (8 bytes, Inline) for call to '__rt_lib_init' from rtentry2.o(.ARM.Collect$$rtentry$$0000000A).
    Adding AT veneer (8 bytes, Inline) for call to '__rt_lib_shutdown' from rtexit2.o(.ARM.Collect$$rtexit$$00000003).
    Adding TA veneer (4 bytes, Inline) for call to '__rt_exit' from exit.o(.text).
    Adding AT veneer (8 bytes, Inline) for call to '__2sprintf' from lcd_adc_2024ht01026.o(.text).
    Adding TA veneer (4 bytes, Inline) for call to '__rt_locale' from libinit2.o(.ARM.Collect$$libinit$$0000000D).
    Adding TA veneer (4 bytes, Inline) for call to '_ll_udiv10' from _printf_fp_dec.o(.text).
    Adding TA veneer (4 bytes, Inline) for call to '__rt_udiv10' from _printf_fp_dec.o(.text).
    Adding TA veneer (4 bytes, Inline) for call to '__aeabi_idivmod' from bigflt0.o(.text).
    Adding AT veneer (8 bytes, Inline) for call to '_sys_exit' from rtexit2.o(.ARM.Collect$$rtexit$$00000004).
    Adding TA veneer (4 bytes, Inline) for call to '_btod_d2e' from _printf_fp_dec.o(.text).
    Adding TA veneer (4 bytes, Inline) for call to '_btod_ediv' from _printf_fp_dec.o(.text).
    Adding TA veneer (4 bytes, Inline) for call to '_btod_emul' from _printf_fp_dec.o(.text).
    Adding AT veneer (12 bytes, Long) for call to '_printf_fp_dec_real' from printf1.o(x$fpl$printf1).
    Adding TA veneer (4 bytes, Inline) for call to '__ARM_fpclassify' from _printf_fp_dec.o(.text).
    Adding TA veneer (4 bytes, Inline) for call to '_get_lc_numeric' from libinit2.o(.ARM.Collect$$libinit$$00000014).
    Adding TA veneer (4 bytes, Inline) for call to '__ieee_status' from _printf_fp_dec.o(.text).

17 Veneer(s) (total 92 bytes) added to the image.

==============================================================================

Image Symbol Table

    Local Symbols

    Symbol Name                              Value     Ov Type        Size  Object(Section)

    RESET                                    0x00000000   Section      564  lpc2300.o(RESET)
    ../clib/angel/boardlib.s                 0x00000000   Number         0  boardinit2.o ABSOLUTE
    ../clib/angel/boardlib.s                 0x00000000   Number         0  boardinit3.o ABSOLUTE
    ../clib/angel/boardlib.s                 0x00000000   Number         0  boardinit1.o ABSOLUTE
    ../clib/angel/boardlib.s                 0x00000000   Number         0  boardshut.o ABSOLUTE
    ../clib/angel/handlers.s                 0x00000000   Number         0  __scatter_zi.o ABSOLUTE
    ../clib/angel/kernel.s                   0x00000000   Number         0  rtexit2.o ABSOLUTE
    ../clib/angel/kernel.s                   0x00000000   Number         0  rtentry.o ABSOLUTE
    ../clib/angel/kernel.s                   0x00000000   Number         0  rtentry2.o ABSOLUTE
    ../clib/angel/kernel.s                   0x00000000   Number         0  rtexit.o ABSOLUTE
    ../clib/angel/kernel.s                   0x00000000   Number         0  rtentry4.o ABSOLUTE
    ../clib/angel/rt.s                       0x00000000   Number         0  rt_raise.o ABSOLUTE
    ../clib/angel/rt.s                       0x00000000   Number         0  aeabi_idiv0_sigfpe.o ABSOLUTE
    ../clib/angel/rt.s                       0x00000000   Number         0  rt_locale_intlibspace.o ABSOLUTE
    ../clib/angel/rt.s                       0x00000000   Number         0  aeabi_idiv0.o ABSOLUTE
    ../clib/angel/rt.s                       0x00000000   Number         0  rt_div0.o ABSOLUTE
    ../clib/angel/rt.s                       0x00000000   Number         0  rt_locale.o ABSOLUTE
    ../clib/angel/scatter.s                  0x00000000   Number         0  __scatter.o ABSOLUTE
    ../clib/angel/startup.s                  0x00000000   Number         0  __main.o ABSOLUTE
    ../clib/angel/sys.s                      0x00000000   Number         0  sys_stackheap_outer.o ABSOLUTE
    ../clib/angel/sys.s                      0x00000000   Number         0  libspace.o ABSOLUTE
    ../clib/angel/sys.s                      0x00000000   Number         0  use_no_semi.o ABSOLUTE
    ../clib/angel/sys.s                      0x00000000   Number         0  indicate_semi.o ABSOLUTE
    ../clib/angel/sysapp.c                   0x00000000   Number         0  sys_command.o ABSOLUTE
    ../clib/angel/sysapp.c                   0x00000000   Number         0  sys_exit.o ABSOLUTE
    ../clib/angel/sysapp.c                   0x00000000   Number         0  sys_wrch.o ABSOLUTE
    ../clib/armsys.c                         0x00000000   Number         0  argv_veneer.o ABSOLUTE
    ../clib/armsys.c                         0x00000000   Number         0  no_argv.o ABSOLUTE
    ../clib/armsys.c                         0x00000000   Number         0  _get_argv_nomalloc.o ABSOLUTE
    ../clib/armsys.c                         0x00000000   Number         0  argv_veneer.o ABSOLUTE
    ../clib/bigflt.c                         0x00000000   Number         0  bigflt0.o ABSOLUTE
    ../clib/btod.s                           0x00000000   Number         0  btod.o ABSOLUTE
    ../clib/division.s                       0x00000000   Number         0  rtudiv10.o ABSOLUTE
    ../clib/division.s                       0x00000000   Number         0  aeabi_sdiv_div0.o ABSOLUTE
    ../clib/division.s                       0x00000000   Number         0  aeabi_sdiv.o ABSOLUTE
    ../clib/divrt.s                          0x00000000   Number         0  divrt_7tdmi_div0.o ABSOLUTE
    ../clib/divrt.s                          0x00000000   Number         0  divrt_7tdmi.o ABSOLUTE
    ../clib/heapalloc.c                      0x00000000   Number         0  hrguard.o ABSOLUTE
    ../clib/heapaux.c                        0x00000000   Number         0  heapauxi.o ABSOLUTE
    ../clib/libinit.s                        0x00000000   Number         0  libshutdown2.o ABSOLUTE
    ../clib/libinit.s                        0x00000000   Number         0  libshutdown.o ABSOLUTE
    ../clib/libinit.s                        0x00000000   Number         0  libinit.o ABSOLUTE
    ../clib/libinit.s                        0x00000000   Number         0  libinit2.o ABSOLUTE
    ../clib/locale.s                         0x00000000   Number         0  lc_numeric_c.o ABSOLUTE
    ../clib/longlong.s                       0x00000000   Number         0  lludiv10.o ABSOLUTE
    ../clib/memcpset.s                       0x00000000   Number         0  strcmp.o ABSOLUTE
    ../clib/memcpset.s                       0x00000000   Number         0  rt_memclr_w.o ABSOLUTE
    ../clib/misc.s                           0x00000000   Number         0  printf_stubs.o ABSOLUTE
    ../clib/printf.c                         0x00000000   Number         0  __2sprintf.o ABSOLUTE
    ../clib/printf.c                         0x00000000   Number         0  _printf_char_common.o ABSOLUTE
    ../clib/printf.c                         0x00000000   Number         0  _sputc.o ABSOLUTE
    ../clib/printf.c                         0x00000000   Number         0  __printf_ss.o ABSOLUTE
    ../clib/printf.c                         0x00000000   Number         0  __printf_flags_wp.o ABSOLUTE
    ../clib/printf.c                         0x00000000   Number         0  __printf_ss_wp.o ABSOLUTE
    ../clib/printf.c                         0x00000000   Number         0  __printf_flags_ss_wp.o ABSOLUTE
    ../clib/printf.c                         0x00000000   Number         0  _printf_fp_infnan.o ABSOLUTE
    ../clib/printf.c                         0x00000000   Number         0  __printf_wp.o ABSOLUTE
    ../clib/printf.c                         0x00000000   Number         0  __printf_flags.o ABSOLUTE
    ../clib/printf.c                         0x00000000   Number         0  __printf_flags_ss.o ABSOLUTE
    ../clib/printf.c                         0x00000000   Number         0  __printf.o ABSOLUTE
    ../clib/printf.c                         0x00000000   Number         0  _printf_fp_dec.o ABSOLUTE
    ../clib/printf.c                         0x00000000   Number         0  noretval__2sprintf.o ABSOLUTE
    ../clib/printf.c                         0x00000000   Number         0  __printf_nopercent.o ABSOLUTE
    ../clib/printf_percent.s                 0x00000000   Number         0  _printf_percent_end.o ABSOLUTE
    ../clib/printf_percent.s                 0x00000000   Number         0  _printf_f.o ABSOLUTE
    ../clib/printf_percent.s                 0x00000000   Number         0  _printf_percent.o ABSOLUTE
    ../clib/signal.c                         0x00000000   Number         0  __raise.o ABSOLUTE
    ../clib/signal.c                         0x00000000   Number         0  defsig_rtmem_inner.o ABSOLUTE
    ../clib/signal.c                         0x00000000   Number         0  defsig_general.o ABSOLUTE
    ../clib/signal.c                         0x00000000   Number         0  defsig_fpe_inner.o ABSOLUTE
    ../clib/signal.c                         0x00000000   Number         0  defsig_exit.o ABSOLUTE
    ../clib/signal.c                         0x00000000   Number         0  defsig_stak_inner.o ABSOLUTE
    ../clib/signal.c                         0x00000000   Number         0  defsig_rtmem_formal.o ABSOLUTE
    ../clib/signal.c                         0x00000000   Number         0  defsig_rtmem_outer.o ABSOLUTE
    ../clib/signal.c                         0x00000000   Number         0  defsig_fpe_formal.o ABSOLUTE
    ../clib/signal.c                         0x00000000   Number         0  defsig_fpe_outer.o ABSOLUTE
    ../clib/signal.c                         0x00000000   Number         0  defsig_other.o ABSOLUTE
    ../clib/signal.c                         0x00000000   Number         0  defsig_segv_inner.o ABSOLUTE
    ../clib/signal.c                         0x00000000   Number         0  defsig_cppl_inner.o ABSOLUTE
    ../clib/signal.c                         0x00000000   Number         0  defsig_pvfn_inner.o ABSOLUTE
    ../clib/signal.c                         0x00000000   Number         0  defsig_rtred_inner.o ABSOLUTE
    ../clib/signal.c                         0x00000000   Number         0  defsig_abrt_inner.o ABSOLUTE
    ../clib/signal.s                         0x00000000   Number         0  defsig.o ABSOLUTE
    ../clib/stdlib.c                         0x00000000   Number         0  exit.o ABSOLUTE
    ../fplib/d2f.s                           0x00000000   Number         0  d2f.o ABSOLUTE
    ../fplib/ddiv.s                          0x00000000   Number         0  ddiv.o ABSOLUTE
    ../fplib/dflt.s                          0x00000000   Number         0  dflt_noclz.o ABSOLUTE
    ../fplib/dmul.s                          0x00000000   Number         0  dmul.o ABSOLUTE
    ../fplib/dnaninf.s                       0x00000000   Number         0  dnaninf.o ABSOLUTE
    ../fplib/dretinf.s                       0x00000000   Number         0  dretinf.o ABSOLUTE
    ../fplib/f2d.s                           0x00000000   Number         0  f2d.o ABSOLUTE
    ../fplib/fnaninf.s                       0x00000000   Number         0  fnaninf.o ABSOLUTE
    ../fplib/fpinit.s                        0x00000000   Number         0  fpinit.o ABSOLUTE
    ../fplib/fretinf.s                       0x00000000   Number         0  fretinf.o ABSOLUTE
    ../fplib/istatus.s                       0x00000000   Number         0  istatus.o ABSOLUTE
    ../fplib/printf1.s                       0x00000000   Number         0  printf1.o ABSOLUTE
    ../fplib/usenofp.s                       0x00000000   Number         0  usenofp.o ABSOLUTE
    ../mathlib/fpclassify.c                  0x00000000   Number         0  fpclassify.o ABSOLUTE
    LCD_ADC_2024ht01026.c                    0x00000000   Number         0  lcd_adc_2024ht01026.o ABSOLUTE
    LPC2300.s                                0x00000000   Number         0  lpc2300.o ABSOLUTE
    dc.s                                     0x00000000   Number         0  dc.o ABSOLUTE
    lcd.c                                    0x00000000   Number         0  lcd.o ABSOLUTE
    Undef_Handler                            0x00000040   ARM Code       4  lpc2300.o(RESET)
    SWI_Handler                              0x00000044   ARM Code       4  lpc2300.o(RESET)
    PAbt_Handler                             0x00000048   ARM Code       4  lpc2300.o(RESET)
    DAbt_Handler                             0x0000004c   ARM Code       4  lpc2300.o(RESET)
    IRQ_Handler                              0x00000050   ARM Code       4  lpc2300.o(RESET)
    FIQ_Handler                              0x00000054   ARM Code       4  lpc2300.o(RESET)
    !!!main                                  0x00000234   Section        8  __main.o(!!!main)
    !!!scatter                               0x0000023c   Section       60  __scatter.o(!!!scatter)
    !!handler_zi                             0x00000278   Section       44  __scatter_zi.o(!!handler_zi)
    .ARM.Collect$$_printf_percent$$00000000  0x000002a8   Section        0  _printf_percent.o(.ARM.Collect$$_printf_percent$$00000000)
    .ARM.Collect$$_printf_percent$$00000003  0x000002a8   Section        8  _printf_f.o(.ARM.Collect$$_printf_percent$$00000003)
    .ARM.Collect$$_printf_percent$$00000017  0x000002b0   Section        8  _printf_percent_end.o(.ARM.Collect$$_printf_percent$$00000017)
    .ARM.Collect$$libinit$$00000000          0x000002c0   Section        2  libinit.o(.ARM.Collect$$libinit$$00000000)
    .ARM.Collect$$libinit$$00000002          0x000002c2   Section        0  libinit2.o(.ARM.Collect$$libinit$$00000002)
    .ARM.Collect$$libinit$$00000008          0x000002c2   Section        0  libinit2.o(.ARM.Collect$$libinit$$00000008)
    .ARM.Collect$$libinit$$0000000A          0x000002c2   Section        0  libinit2.o(.ARM.Collect$$libinit$$0000000A)
    .ARM.Collect$$libinit$$0000000C          0x000002c2   Section        0  libinit2.o(.ARM.Collect$$libinit$$0000000C)
    .ARM.Collect$$libinit$$0000000D          0x000002c2   Section        6  libinit2.o(.ARM.Collect$$libinit$$0000000D)
    .ARM.Collect$$libinit$$0000000F          0x000002c8   Section        0  libinit2.o(.ARM.Collect$$libinit$$0000000F)
    .ARM.Collect$$libinit$$00000011          0x000002c8   Section        0  libinit2.o(.ARM.Collect$$libinit$$00000011)
    .ARM.Collect$$libinit$$00000013          0x000002c8   Section        0  libinit2.o(.ARM.Collect$$libinit$$00000013)
    .ARM.Collect$$libinit$$00000014          0x000002c8   Section       10  libinit2.o(.ARM.Collect$$libinit$$00000014)
    .ARM.Collect$$libinit$$00000015          0x000002d2   Section        0  libinit2.o(.ARM.Collect$$libinit$$00000015)
    .ARM.Collect$$libinit$$00000017          0x000002d2   Section        0  libinit2.o(.ARM.Collect$$libinit$$00000017)
    .ARM.Collect$$libinit$$00000019          0x000002d2   Section        0  libinit2.o(.ARM.Collect$$libinit$$00000019)
    .ARM.Collect$$libinit$$0000001B          0x000002d2   Section        0  libinit2.o(.ARM.Collect$$libinit$$0000001B)
    .ARM.Collect$$libinit$$0000001D          0x000002d2   Section        0  libinit2.o(.ARM.Collect$$libinit$$0000001D)
    .ARM.Collect$$libinit$$0000001F          0x000002d2   Section        0  libinit2.o(.ARM.Collect$$libinit$$0000001F)
    .ARM.Collect$$libinit$$00000021          0x000002d2   Section        0  libinit2.o(.ARM.Collect$$libinit$$00000021)
    .ARM.Collect$$libinit$$00000023          0x000002d2   Section        0  libinit2.o(.ARM.Collect$$libinit$$00000023)
    .ARM.Collect$$libinit$$0000002A          0x000002d2   Section        0  libinit2.o(.ARM.Collect$$libinit$$0000002A)
    .ARM.Collect$$libinit$$0000002C          0x000002d2   Section        0  libinit2.o(.ARM.Collect$$libinit$$0000002C)
    .ARM.Collect$$libinit$$0000002E          0x000002d2   Section        0  libinit2.o(.ARM.Collect$$libinit$$0000002E)
    .ARM.Collect$$libinit$$00000030          0x000002d2   Section        0  libinit2.o(.ARM.Collect$$libinit$$00000030)
    .ARM.Collect$$libinit$$00000031          0x000002d2   Section       12  libinit2.o(.ARM.Collect$$libinit$$00000031)
    .ARM.Collect$$libshutdown$$00000000      0x000002e8   Section        4  libshutdown.o(.ARM.Collect$$libshutdown$$00000000)
    .ARM.Collect$$libshutdown$$00000003      0x000002ec   Section        0  libshutdown2.o(.ARM.Collect$$libshutdown$$00000003)
    .ARM.Collect$$libshutdown$$00000006      0x000002ec   Section        0  libshutdown2.o(.ARM.Collect$$libshutdown$$00000006)
    .ARM.Collect$$libshutdown$$00000009      0x000002ec   Section        0  libshutdown2.o(.ARM.Collect$$libshutdown$$00000009)
    .ARM.Collect$$libshutdown$$0000000B      0x000002ec   Section        0  libshutdown2.o(.ARM.Collect$$libshutdown$$0000000B)
    .ARM.Collect$$libshutdown$$0000000E      0x000002ec   Section        0  libshutdown2.o(.ARM.Collect$$libshutdown$$0000000E)
    .ARM.Collect$$libshutdown$$0000000F      0x000002ec   Section        6  libshutdown2.o(.ARM.Collect$$libshutdown$$0000000F)
    .ARM.Collect$$rtentry$$00000000          0x000002f4   Section        0  rtentry.o(.ARM.Collect$$rtentry$$00000000)
    .ARM.Collect$$rtentry$$00000002          0x000002f4   Section        0  rtentry2.o(.ARM.Collect$$rtentry$$00000002)
    .ARM.Collect$$rtentry$$00000004          0x000002f4   Section        8  rtentry4.o(.ARM.Collect$$rtentry$$00000004)
    .ARM.Collect$$rtentry$$00000009          0x000002fc   Section        0  rtentry2.o(.ARM.Collect$$rtentry$$00000009)
    .ARM.Collect$$rtentry$$0000000A          0x000002fc   Section        4  rtentry2.o(.ARM.Collect$$rtentry$$0000000A)
    .ARM.Collect$$rtentry$$0000000C          0x00000300   Section        0  rtentry2.o(.ARM.Collect$$rtentry$$0000000C)
    .ARM.Collect$$rtentry$$0000000D          0x00000300   Section       40  rtentry2.o(.ARM.Collect$$rtentry$$0000000D)
    .ARM.Collect$$rtexit$$00000000           0x0000032c   Section        4  rtexit.o(.ARM.Collect$$rtexit$$00000000)
    .ARM.Collect$$rtexit$$00000002           0x00000330   Section        0  rtexit2.o(.ARM.Collect$$rtexit$$00000002)
    .ARM.Collect$$rtexit$$00000003           0x00000330   Section        4  rtexit2.o(.ARM.Collect$$rtexit$$00000003)
    .ARM.Collect$$rtexit$$00000004           0x00000334   Section        8  rtexit2.o(.ARM.Collect$$rtexit$$00000004)
    .text                                    0x0000033c   Section       32  lpc2300.o(.text)
    .text                                    0x0000035c   Section        0  lcd.o(.text)
    delay                                    0x0000035c   ARM Code      24  lcd.o(.text)
    lcd_read_status                          0x00000374   ARM Code     188  lcd.o(.text)
    wait_while_busy                          0x00000430   ARM Code      28  lcd.o(.text)
    lcd_write_data                           0x000004d0   ARM Code      48  lcd.o(.text)
    .text                                    0x00000654   Section        0  lcd_adc_2024ht01026.o(.text)
    .text                                    0x00000830   Section        0  noretval__2sprintf.o(.text)
    .text                                    0x00000858   Section        0  __printf_wp.o(.text)
    .text                                    0x00000978   Section       84  rt_memclr_w.o(.text)
    .text                                    0x000009cc   Section        0  heapauxi.o(.text)
    .text                                    0x000009d4   Section        0  _printf_fp_dec.o(.text)
    _fp_digits                               0x000009d7   Thumb Code   414  _printf_fp_dec.o(.text)
    .text                                    0x00000df4   Section        0  _printf_char_common.o(.text)
    _printf_input_char                       0x00000df5   Thumb Code    10  _printf_char_common.o(.text)
    .text                                    0x00000e24   Section        0  _sputc.o(.text)
    .text                                    0x00000e34   Section       12  rt_locale_intlibspace.o(.text)
    .text                                    0x00000e44   Section      160  lludiv10.o(.text)
    .text                                    0x00000ee4   Section        0  _printf_fp_infnan.o(.text)
    .text                                    0x00000f74   Section        0  bigflt0.o(.text)
    .text                                    0x00001050   Section       44  rtudiv10.o(.text)
    .text                                    0x0000107c   Section       12  libspace.o(.text)
    .text                                    0x00001088   Section       96  sys_stackheap_outer.o(.text)
    .text                                    0x000010e8   Section        0  exit.o(.text)
    .text                                    0x000010f4   Section      160  strcmp.o(.text)
    .text                                    0x00001198   Section      384  aeabi_sdiv.o(.text)
    __arm_div8                               0x000011c4   ARM Code       0  aeabi_sdiv.o(.text)
    __arm_div5                               0x000011e8   ARM Code       0  aeabi_sdiv.o(.text)
    __arm_div2                               0x0000120c   ARM Code       0  aeabi_sdiv.o(.text)
    __arm_div_large                          0x00001248   ARM Code       0  aeabi_sdiv.o(.text)
    .text                                    0x00001320   Section        0  sys_exit.o(.text)
    .text                                    0x0000132c   Section        4  use_no_semi.o(.text)
    .text                                    0x00001330   Section        0  indicate_semi.o(.text)
    CL$$btod_d2e                             0x00001334   Section       56  btod.o(CL$$btod_d2e)
    CL$$btod_d2e_denorm_low                  0x0000136c   Section       84  btod.o(CL$$btod_d2e_denorm_low)
    CL$$btod_d2e_norm_op1                    0x000013c0   Section      104  btod.o(CL$$btod_d2e_norm_op1)
    CL$$btod_div_common                      0x00001428   Section      844  btod.o(CL$$btod_div_common)
    CL$$btod_e2e                             0x00001774   Section      220  btod.o(CL$$btod_e2e)
    CL$$btod_ediv                            0x00001854   Section       52  btod.o(CL$$btod_ediv)
    CL$$btod_emul                            0x0000188c   Section       52  btod.o(CL$$btod_emul)
    CL$$btod_mult_common                     0x000018c0   Section      616  btod.o(CL$$btod_mult_common)
    i.__ARM_common_call_via_r1               0x00001b34   Section        0  __printf.o(i.__ARM_common_call_via_r1)
    i.__ARM_common_call_via_r2               0x00001b36   Section        0  __printf.o(i.__ARM_common_call_via_r2)
    i.__ARM_fpclassify                       0x00001b3c   Section        0  fpclassify.o(i.__ARM_fpclassify)
    i._is_digit                              0x00001b6c   Section        0  __printf_wp.o(i._is_digit)
    locale$$code                             0x00001b80   Section       80  lc_numeric_c.o(locale$$code)
    x$fpl$d2f                                0x00001bd0   Section      108  d2f.o(x$fpl$d2f)
    x$fpl$ddiv                               0x00001c3c   Section      736  ddiv.o(x$fpl$ddiv)
    ddiv_entry                               0x00001c44   ARM Code       0  ddiv.o(x$fpl$ddiv)
    x$fpl$dflt                               0x00001f1c   Section       88  dflt_noclz.o(x$fpl$dflt)
    x$fpl$dfltu                              0x00001f74   Section       12  dflt_noclz.o(x$fpl$dfltu)
    x$fpl$dmul                               0x00001f80   Section      384  dmul.o(x$fpl$dmul)
    x$fpl$dnaninf                            0x00002100   Section      192  dnaninf.o(x$fpl$dnaninf)
    x$fpl$dretinf                            0x000021c0   Section       16  dretinf.o(x$fpl$dretinf)
    x$fpl$f2d                                0x000021d0   Section      100  f2d.o(x$fpl$f2d)
    x$fpl$fnaninf                            0x00002234   Section      168  fnaninf.o(x$fpl$fnaninf)
    x$fpl$fretinf                            0x000022dc   Section       16  fretinf.o(x$fpl$fretinf)
    x$fpl$ieeestatus                         0x000022f0   Section        8  istatus.o(x$fpl$ieeestatus)
    x$fpl$printf1                            0x000022f8   Section        4  printf1.o(x$fpl$printf1)
    .constdata                               0x000022fc   Section       64  lcd.o(.constdata)
    x$fpl$usenofp                            0x000022fc   Section        0  usenofp.o(x$fpl$usenofp)
    .constdata                               0x0000233c   Section      148  bigflt0.o(.constdata)
    tenpwrs_x                                0x0000233c   Data          60  bigflt0.o(.constdata)
    tenpwrs_i                                0x00002378   Data          64  bigflt0.o(.constdata)
    locale$$data                             0x000023e0   Section       28  lc_numeric_c.o(locale$$data)
    __lcnum_c_name                           0x000023e4   Data           2  lc_numeric_c.o(locale$$data)
    __lcnum_c_start                          0x000023ec   Data           0  lc_numeric_c.o(locale$$data)
    __lcnum_c_point                          0x000023f8   Data           0  lc_numeric_c.o(locale$$data)
    __lcnum_c_thousands                      0x000023fa   Data           0  lc_numeric_c.o(locale$$data)
    __lcnum_c_grouping                       0x000023fb   Data           0  lc_numeric_c.o(locale$$data)
    __lcnum_c_end                            0x000023fc   Data           0  lc_numeric_c.o(locale$$data)
    .bss                                     0x40000000   Section       96  libspace.o(.bss)
    HEAP                                     0x40000060   Section        0  lpc2300.o(HEAP)
    STACK                                    0x40000060   Section     1288  lpc2300.o(STACK)
    Heap_Mem                                 0x40000060   Data           0  lpc2300.o(HEAP)
    Stack_Mem                                0x40000060   Data        1024  lpc2300.o(STACK)
    Stack_Top                                0x40000568   Data           0  lpc2300.o(STACK)

    Global Symbols

    Symbol Name                              Value     Ov Type        Size  Object(Section)

    BuildAttributes$$THM_ISAv1$ARM_ISAv4$S$PE$A:L22$X:L11$S22$IEEE1$IW$USESV6$~STKCKD$USESV7$~SHL$OTIME$ROPI$IEEEJ$EBA8$UX$STANDARDLIB$REQ8$PRES8$EABIv2 0x00000000   Number         0  anon$$obj.o ABSOLUTE
    __ARM_use_no_argv                        0x00000000   Number         0  lcd_adc_2024ht01026.o ABSOLUTE
    _printf_flags                            0x00000000   Number         0  printf_stubs.o ABSOLUTE
    _printf_return_value                     0x00000000   Number         0  printf_stubs.o ABSOLUTE
    _printf_sizespec                         0x00000000   Number         0  printf_stubs.o ABSOLUTE
    _printf_widthprec                        0x00000000   Number         0  printf_stubs.o ABSOLUTE
    __ARM_exceptions_init                     - Undefined Weak Reference
    __alloca_initialize                       - Undefined Weak Reference
    __cpp_initialize__aeabi_                  - Undefined Weak Reference
    __cxa_finalize                            - Undefined Weak Reference
    __sigvec_lookup                           - Undefined Weak Reference
    _atexit_init                              - Undefined Weak Reference
    _call_atexit_fns                          - Undefined Weak Reference
    _clock_init                               - Undefined Weak Reference
    _fp_trap_init                             - Undefined Weak Reference
    _fp_trap_shutdown                         - Undefined Weak Reference
    _get_lc_collate                           - Undefined Weak Reference
    _get_lc_ctype                             - Undefined Weak Reference
    _get_lc_monetary                          - Undefined Weak Reference
    _get_lc_time                              - Undefined Weak Reference
    _getenv_init                              - Undefined Weak Reference
    _handle_redirection                       - Undefined Weak Reference
    _init_alloc                               - Undefined Weak Reference
    _init_user_alloc                          - Undefined Weak Reference
    _initio                                   - Undefined Weak Reference
    _printf_post_padding                      - Undefined Weak Reference
    _printf_pre_padding                       - Undefined Weak Reference
    _rand_init                                - Undefined Weak Reference
    _signal_finish                            - Undefined Weak Reference
    _signal_init                              - Undefined Weak Reference
    _terminate_alloc                          - Undefined Weak Reference
    _terminate_user_alloc                     - Undefined Weak Reference
    _terminateio                              - Undefined Weak Reference
    Reset_Handler                            0x00000058   ARM Code       0  lpc2300.o(RESET)
    __main                                   0x00000234   ARM Code       8  __main.o(!!!main)
    __scatterload                            0x0000023c   ARM Code       0  __scatter.o(!!!scatter)
    __scatterload_rt2                        0x0000023c   ARM Code      52  __scatter.o(!!!scatter)
    __scatterload_null                       0x00000250   ARM Code       0  __scatter.o(!!!scatter)
    __scatterload_zeroinit                   0x00000278   ARM Code      44  __scatter_zi.o(!!handler_zi)
    Inline Thumb to ARM Veneer to _printf_percent 0x000002a5   Thumb Code     4  _printf_percent.o(.ARM.Collect$$_printf_percent$$00000000)
    _printf_f                                0x000002a8   ARM Code       0  _printf_f.o(.ARM.Collect$$_printf_percent$$00000003)
    _printf_percent                          0x000002a8   ARM Code       0  _printf_percent.o(.ARM.Collect$$_printf_percent$$00000000)
    _printf_percent_end                      0x000002b0   ARM Code       0  _printf_percent_end.o(.ARM.Collect$$_printf_percent$$00000017)
    Inline ARM to Thumb Veneer to __rt_lib_init 0x000002b8   ARM Code       8  libinit.o(.ARM.Collect$$libinit$$00000000)
    __rt_lib_init                            0x000002c1   Thumb Code     0  libinit.o(.ARM.Collect$$libinit$$00000000)
    __rt_lib_init_fp_1                       0x000002c3   Thumb Code     0  libinit2.o(.ARM.Collect$$libinit$$00000002)
    __rt_lib_init_heap_1                     0x000002c3   Thumb Code     0  libinit2.o(.ARM.Collect$$libinit$$00000008)
    __rt_lib_init_lc_common                  0x000002c3   Thumb Code     0  libinit2.o(.ARM.Collect$$libinit$$0000000D)
    __rt_lib_init_rand_1                     0x000002c3   Thumb Code     0  libinit2.o(.ARM.Collect$$libinit$$0000000C)
    __rt_lib_init_user_alloc_1               0x000002c3   Thumb Code     0  libinit2.o(.ARM.Collect$$libinit$$0000000A)
    __rt_lib_init_lc_collate_1               0x000002c9   Thumb Code     0  libinit2.o(.ARM.Collect$$libinit$$0000000F)
    __rt_lib_init_lc_ctype_1                 0x000002c9   Thumb Code     0  libinit2.o(.ARM.Collect$$libinit$$00000011)
    __rt_lib_init_lc_monetary_1              0x000002c9   Thumb Code     0  libinit2.o(.ARM.Collect$$libinit$$00000013)
    __rt_lib_init_lc_numeric_2               0x000002c9   Thumb Code     0  libinit2.o(.ARM.Collect$$libinit$$00000014)
    __rt_lib_init_alloca_1                   0x000002d3   Thumb Code     0  libinit2.o(.ARM.Collect$$libinit$$0000002C)
    __rt_lib_init_argv_1                     0x000002d3   Thumb Code     0  libinit2.o(.ARM.Collect$$libinit$$0000002A)
    __rt_lib_init_atexit_1                   0x000002d3   Thumb Code     0  libinit2.o(.ARM.Collect$$libinit$$00000019)
    __rt_lib_init_clock_1                    0x000002d3   Thumb Code     0  libinit2.o(.ARM.Collect$$libinit$$0000001F)
    __rt_lib_init_cpp_1                      0x000002d3   Thumb Code     0  libinit2.o(.ARM.Collect$$libinit$$00000030)
    __rt_lib_init_exceptions_1               0x000002d3   Thumb Code     0  libinit2.o(.ARM.Collect$$libinit$$0000002E)
    __rt_lib_init_fp_trap_1                  0x000002d3   Thumb Code     0  libinit2.o(.ARM.Collect$$libinit$$0000001D)
    __rt_lib_init_getenv_1                   0x000002d3   Thumb Code     0  libinit2.o(.ARM.Collect$$libinit$$00000021)
    __rt_lib_init_lc_numeric_1               0x000002d3   Thumb Code     0  libinit2.o(.ARM.Collect$$libinit$$00000015)
    __rt_lib_init_lc_time_1                  0x000002d3   Thumb Code     0  libinit2.o(.ARM.Collect$$libinit$$00000017)
    __rt_lib_init_return                     0x000002d3   Thumb Code     0  libinit2.o(.ARM.Collect$$libinit$$00000031)
    __rt_lib_init_signal_1                   0x000002d3   Thumb Code     0  libinit2.o(.ARM.Collect$$libinit$$0000001B)
    __rt_lib_init_stdio_1                    0x000002d3   Thumb Code     0  libinit2.o(.ARM.Collect$$libinit$$00000023)
    Inline ARM to Thumb Veneer to __rt_lib_shutdown 0x000002e0   ARM Code       8  libshutdown.o(.ARM.Collect$$libshutdown$$00000000)
    __rt_lib_shutdown                        0x000002e9   Thumb Code     0  libshutdown.o(.ARM.Collect$$libshutdown$$00000000)
    __rt_lib_shutdown_fp_trap_1              0x000002ed   Thumb Code     0  libshutdown2.o(.ARM.Collect$$libshutdown$$00000006)
    __rt_lib_shutdown_heap_1                 0x000002ed   Thumb Code     0  libshutdown2.o(.ARM.Collect$$libshutdown$$0000000E)
    __rt_lib_shutdown_return                 0x000002ed   Thumb Code     0  libshutdown2.o(.ARM.Collect$$libshutdown$$0000000F)
    __rt_lib_shutdown_signal_1               0x000002ed   Thumb Code     0  libshutdown2.o(.ARM.Collect$$libshutdown$$00000009)
    __rt_lib_shutdown_stdio_1                0x000002ed   Thumb Code     0  libshutdown2.o(.ARM.Collect$$libshutdown$$00000003)
    __rt_lib_shutdown_user_alloc_1           0x000002ed   Thumb Code     0  libshutdown2.o(.ARM.Collect$$libshutdown$$0000000B)
    __rt_entry                               0x000002f4   ARM Code       0  rtentry.o(.ARM.Collect$$rtentry$$00000000)
    __rt_entry_presh_1                       0x000002f4   ARM Code       0  rtentry2.o(.ARM.Collect$$rtentry$$00000002)
    __rt_entry_sh                            0x000002f4   ARM Code       0  rtentry4.o(.ARM.Collect$$rtentry$$00000004)
    __rt_entry_li                            0x000002fc   ARM Code       0  rtentry2.o(.ARM.Collect$$rtentry$$0000000A)
    __rt_entry_postsh_1                      0x000002fc   ARM Code       0  rtentry2.o(.ARM.Collect$$rtentry$$00000009)
    __rt_entry_main                          0x00000300   ARM Code       0  rtentry2.o(.ARM.Collect$$rtentry$$0000000D)
    __rt_entry_postli_1                      0x00000300   ARM Code       0  rtentry2.o(.ARM.Collect$$rtentry$$0000000C)
    Inline Thumb to ARM Veneer to __rt_exit  0x00000329   Thumb Code     4  rtexit.o(.ARM.Collect$$rtexit$$00000000)
    __rt_exit                                0x0000032c   ARM Code       0  rtexit.o(.ARM.Collect$$rtexit$$00000000)
    __rt_exit_ls                             0x00000330   ARM Code       0  rtexit2.o(.ARM.Collect$$rtexit$$00000003)
    __rt_exit_prels_1                        0x00000330   ARM Code       0  rtexit2.o(.ARM.Collect$$rtexit$$00000002)
    __rt_exit_exit                           0x00000334   ARM Code       0  rtexit2.o(.ARM.Collect$$rtexit$$00000004)
    __user_initial_stackheap                 0x0000033c   ARM Code       0  lpc2300.o(.text)
    lcd_write_4bit                           0x0000044c   ARM Code      84  lcd.o(.text)
    lcd_write_cmd                            0x000004a0   ARM Code      48  lcd.o(.text)
    lcd_putchar                              0x00000500   ARM Code      24  lcd.o(.text)
    lcd_init                                 0x00000518   ARM Code     176  lcd.o(.text)
    set_cursor                               0x000005c8   ARM Code      52  lcd.o(.text)
    lcd_clear                                0x000005fc   ARM Code      32  lcd.o(.text)
    lcd_print                                0x0000061c   ARM Code      40  lcd.o(.text)
    wait                                     0x00000654   ARM Code      44  lcd_adc_2024ht01026.o(.text)
    main                                     0x00000680   ARM Code     360  lcd_adc_2024ht01026.o(.text)
    Inline ARM to Thumb Veneer to __2sprintf 0x00000828   ARM Code       8  noretval__2sprintf.o(.text)
    __2sprintf                               0x00000831   Thumb Code    36  noretval__2sprintf.o(.text)
    __printf                                 0x00000859   Thumb Code   286  __printf_wp.o(.text)
    __aeabi_memclr4                          0x00000978   ARM Code       0  rt_memclr_w.o(.text)
    __aeabi_memclr8                          0x00000978   ARM Code       0  rt_memclr_w.o(.text)
    __rt_memclr_w                            0x00000978   ARM Code      84  rt_memclr_w.o(.text)
    _memset_w                                0x0000097c   ARM Code       0  rt_memclr_w.o(.text)
    __use_two_region_memory                  0x000009cd   Thumb Code     2  heapauxi.o(.text)
    __rt_heap_escrow$2region                 0x000009cf   Thumb Code     2  heapauxi.o(.text)
    __rt_heap_expand$2region                 0x000009d1   Thumb Code     2  heapauxi.o(.text)
    __lib_sel_fp_printf                      0x000009d5   Thumb Code     2  _printf_fp_dec.o(.text)
    _printf_fp_dec_real                      0x00000b75   Thumb Code   626  _printf_fp_dec.o(.text)
    _printf_char_common                      0x00000dff   Thumb Code    34  _printf_char_common.o(.text)
    _sputc                                   0x00000e25   Thumb Code    10  _sputc.o(.text)
    Inline Thumb to ARM Veneer to __rt_locale 0x00000e31   Thumb Code     4  rt_locale_intlibspace.o(.text)
    __rt_locale                              0x00000e34   ARM Code      12  rt_locale_intlibspace.o(.text)
    Inline Thumb to ARM Veneer to _ll_udiv10 0x00000e41   Thumb Code     4  lludiv10.o(.text)
    _ll_udiv10                               0x00000e44   ARM Code     160  lludiv10.o(.text)
    _printf_fp_infnan                        0x00000ee5   Thumb Code   128  _printf_fp_infnan.o(.text)
    _btod_etento                             0x00000f75   Thumb Code   210  bigflt0.o(.text)
    Inline Thumb to ARM Veneer to __rt_udiv10 0x0000104d   Thumb Code     4  rtudiv10.o(.text)
    __rt_udiv10                              0x00001050   ARM Code      44  rtudiv10.o(.text)
    __user_libspace                          0x0000107c   ARM Code      12  libspace.o(.text)
    __user_perproc_libspace                  0x0000107c   ARM Code       0  libspace.o(.text)
    __user_perthread_libspace                0x0000107c   ARM Code       0  libspace.o(.text)
    __user_setup_stackheap                   0x00001088   ARM Code      96  sys_stackheap_outer.o(.text)
    exit                                     0x000010e9   Thumb Code    12  exit.o(.text)
    strcmp                                   0x000010f4   ARM Code     156  strcmp.o(.text)
    Inline Thumb to ARM Veneer to __aeabi_idivmod 0x00001195   Thumb Code     4  aeabi_sdiv.o(.text)
    __aeabi_idiv                             0x00001198   ARM Code       0  aeabi_sdiv.o(.text)
    __aeabi_idivmod                          0x00001198   ARM Code     384  aeabi_sdiv.o(.text)
    Inline ARM to Thumb Veneer to _sys_exit  0x00001318   ARM Code       8  sys_exit.o(.text)
    _sys_exit                                0x00001321   Thumb Code     8  sys_exit.o(.text)
    __I$use$semihosting                      0x0000132c   ARM Code       0  use_no_semi.o(.text)
    __use_no_semihosting_swi                 0x0000132c   ARM Code       4  use_no_semi.o(.text)
    Inline Thumb to ARM Veneer to _btod_d2e  0x00001331   Thumb Code     4  btod.o(CL$$btod_d2e)
    __semihosting_library_function           0x00001330   ARM Code       0  indicate_semi.o(.text)
    _btod_d2e                                0x00001334   ARM Code      56  btod.o(CL$$btod_d2e)
    _d2e_denorm_low                          0x0000136c   ARM Code      84  btod.o(CL$$btod_d2e_denorm_low)
    _d2e_norm_op1                            0x000013c0   ARM Code     104  btod.o(CL$$btod_d2e_norm_op1)
    __btod_div_common                        0x00001428   ARM Code     716  btod.o(CL$$btod_div_common)
    _e2e                                     0x00001774   ARM Code     220  btod.o(CL$$btod_e2e)
    Inline Thumb to ARM Veneer to _btod_ediv 0x00001851   Thumb Code     4  btod.o(CL$$btod_ediv)
    _btod_ediv                               0x00001854   ARM Code      52  btod.o(CL$$btod_ediv)
    Inline Thumb to ARM Veneer to _btod_emul 0x00001889   Thumb Code     4  btod.o(CL$$btod_emul)
    _btod_emul                               0x0000188c   ARM Code      52  btod.o(CL$$btod_emul)
    __btod_mult_common                       0x000018c0   ARM Code     616  btod.o(CL$$btod_mult_common)
    Long ARM to Thumb Veneer to _printf_fp_dec_real 0x00001b28   ARM Code      12  anon$$obj.o(Veneer$$Code)
    __ARM_common_call_via_r1                 0x00001b35   Thumb Code     2  __printf.o(i.__ARM_common_call_via_r1)
    __ARM_common_call_via_r2                 0x00001b37   Thumb Code     2  __printf.o(i.__ARM_common_call_via_r2)
    Inline Thumb to ARM Veneer to __ARM_fpclassify 0x00001b39   Thumb Code     4  fpclassify.o(i.__ARM_fpclassify)
    __ARM_fpclassify                         0x00001b3c   ARM Code      48  fpclassify.o(i.__ARM_fpclassify)
    _is_digit                                0x00001b6d   Thumb Code    14  __printf_wp.o(i._is_digit)
    Inline Thumb to ARM Veneer to _get_lc_numeric 0x00001b7d   Thumb Code     4  lc_numeric_c.o(locale$$code)
    _get_lc_numeric                          0x00001b80   ARM Code      80  lc_numeric_c.o(locale$$code)
    __aeabi_d2f                              0x00001bd0   ARM Code       0  d2f.o(x$fpl$d2f)
    _d2f                                     0x00001bd0   ARM Code     108  d2f.o(x$fpl$d2f)
    __aeabi_ddiv                             0x00001c3c   ARM Code       0  ddiv.o(x$fpl$ddiv)
    _ddiv                                    0x00001c3c   ARM Code     600  ddiv.o(x$fpl$ddiv)
    __aeabi_i2d                              0x00001f1c   ARM Code       0  dflt_noclz.o(x$fpl$dflt)
    _dflt                                    0x00001f1c   ARM Code      88  dflt_noclz.o(x$fpl$dflt)
    __dflt_normalise                         0x00001f2c   ARM Code       0  dflt_noclz.o(x$fpl$dflt)
    __aeabi_ui2d                             0x00001f74   ARM Code       0  dflt_noclz.o(x$fpl$dfltu)
    _dfltu                                   0x00001f74   ARM Code      12  dflt_noclz.o(x$fpl$dfltu)
    __aeabi_dmul                             0x00001f80   ARM Code       0  dmul.o(x$fpl$dmul)
    _dmul                                    0x00001f80   ARM Code     372  dmul.o(x$fpl$dmul)
    __fpl_dnaninf                            0x00002100   ARM Code     192  dnaninf.o(x$fpl$dnaninf)
    __fpl_dretinf                            0x000021c0   ARM Code      16  dretinf.o(x$fpl$dretinf)
    __aeabi_f2d                              0x000021d0   ARM Code       0  f2d.o(x$fpl$f2d)
    _f2d                                     0x000021d0   ARM Code     100  f2d.o(x$fpl$f2d)
    __fpl_fnaninf                            0x00002234   ARM Code     168  fnaninf.o(x$fpl$fnaninf)
    __fpl_fretinf                            0x000022dc   ARM Code      16  fretinf.o(x$fpl$fretinf)
    Inline Thumb to ARM Veneer to __ieee_status 0x000022ed   Thumb Code     4  istatus.o(x$fpl$ieeestatus)
    __ieee_status                            0x000022f0   ARM Code       8  istatus.o(x$fpl$ieeestatus)
    _printf_fp_dec                           0x000022f8   ARM Code       4  printf1.o(x$fpl$printf1)
    UserFont                                 0x000022fc   Data          64  lcd.o(.constdata)
    __I$use$fp                               0x000022fc   Number         0  usenofp.o(x$fpl$usenofp)
    Region$$Table$$Base                      0x000023d0   Number         0  anon$$obj.o(Region$$Table)
    Region$$Table$$Limit                     0x000023e0   Number         0  anon$$obj.o(Region$$Table)
    __libspace_start                         0x40000000   Data          96  libspace.o(.bss)
    __temporary_stack_top$libspace           0x40000060   Data           0  libspace.o(.bss)



==============================================================================

Memory Map of the image

  Image Entry point : 0x00000234

  Load Region LR_IROM1 (Base: 0x00000000, Size: 0x000023fc, Max: 0x00080000, ABSOLUTE)

    Execution Region ER_IROM1 (Base: 0x00000000, Size: 0x000023fc, Max: 0x00080000, ABSOLUTE)

    Base Addr    Size         Type   Attr      Idx    E Section Name        Object

    0x00000000   0x00000234   Code   RO            3    RESET               lpc2300.o
    0x00000234   0x00000008   Code   RO           96  * !!!main             c_t.l(__main.o)
    0x0000023c   0x0000003c   Code   RO          359    !!!scatter          c_t.l(__scatter.o)
    0x00000278   0x0000002c   Code   RO          361    !!handler_zi        c_t.l(__scatter_zi.o)
    0x000002a4   0x00000004   Ven    RO           91    .ARM.Collect$$_printf_percent$$00000000  c_t.l(_printf_percent.o)
    0x000002a8   0x00000000   Code   RO           91    .ARM.Collect$$_printf_percent$$00000000  c_t.l(_printf_percent.o)
    0x000002a8   0x00000008   Code   RO           90    .ARM.Collect$$_printf_percent$$00000003  c_t.l(_printf_f.o)
    0x000002b0   0x00000008   Code   RO          121    .ARM.Collect$$_printf_percent$$00000017  c_t.l(_printf_percent_end.o)
    0x000002b8   0x00000008   Ven    RO          225    .ARM.Collect$$libinit$$00000000  c_t.l(libinit.o)
    0x000002c0   0x00000002   Code   RO          225    .ARM.Collect$$libinit$$00000000  c_t.l(libinit.o)
    0x000002c2   0x00000000   Code   RO          227    .ARM.Collect$$libinit$$00000002  c_t.l(libinit2.o)
    0x000002c2   0x00000000   Code   RO          230    .ARM.Collect$$libinit$$00000008  c_t.l(libinit2.o)
    0x000002c2   0x00000000   Code   RO          232    .ARM.Collect$$libinit$$0000000A  c_t.l(libinit2.o)
    0x000002c2   0x00000000   Code   RO          234    .ARM.Collect$$libinit$$0000000C  c_t.l(libinit2.o)
    0x000002c2   0x00000006   Code   RO          235    .ARM.Collect$$libinit$$0000000D  c_t.l(libinit2.o)
    0x000002c8   0x00000000   Code   RO          237    .ARM.Collect$$libinit$$0000000F  c_t.l(libinit2.o)
    0x000002c8   0x00000000   Code   RO          239    .ARM.Collect$$libinit$$00000011  c_t.l(libinit2.o)
    0x000002c8   0x00000000   Code   RO          241    .ARM.Collect$$libinit$$00000013  c_t.l(libinit2.o)
    0x000002c8   0x0000000a   Code   RO          242    .ARM.Collect$$libinit$$00000014  c_t.l(libinit2.o)
    0x000002d2   0x00000000   Code   RO          243    .ARM.Collect$$libinit$$00000015  c_t.l(libinit2.o)
    0x000002d2   0x00000000   Code   RO          245    .ARM.Collect$$libinit$$00000017  c_t.l(libinit2.o)
    0x000002d2   0x00000000   Code   RO          247    .ARM.Collect$$libinit$$00000019  c_t.l(libinit2.o)
    0x000002d2   0x00000000   Code   RO          249    .ARM.Collect$$libinit$$0000001B  c_t.l(libinit2.o)
    0x000002d2   0x00000000   Code   RO          251    .ARM.Collect$$libinit$$0000001D  c_t.l(libinit2.o)
    0x000002d2   0x00000000   Code   RO          253    .ARM.Collect$$libinit$$0000001F  c_t.l(libinit2.o)
    0x000002d2   0x00000000   Code   RO          255    .ARM.Collect$$libinit$$00000021  c_t.l(libinit2.o)
    0x000002d2   0x00000000   Code   RO          257    .ARM.Collect$$libinit$$00000023  c_t.l(libinit2.o)
    0x000002d2   0x00000000   Code   RO          261    .ARM.Collect$$libinit$$0000002A  c_t.l(libinit2.o)
    0x000002d2   0x00000000   Code   RO          263    .ARM.Collect$$libinit$$0000002C  c_t.l(libinit2.o)
    0x000002d2   0x00000000   Code   RO          265    .ARM.Collect$$libinit$$0000002E  c_t.l(libinit2.o)
    0x000002d2   0x00000000   Code   RO          267    .ARM.Collect$$libinit$$00000030  c_t.l(libinit2.o)
    0x000002d2   0x0000000c   Code   RO          268    .ARM.Collect$$libinit$$00000031  c_t.l(libinit2.o)
    0x000002de   0x00000002   PAD
    0x000002e0   0x00000008   Ven    RO          308    .ARM.Collect$$libshutdown$$00000000  c_t.l(libshutdown.o)
    0x000002e8   0x00000004   Code   RO          308    .ARM.Collect$$libshutdown$$00000000  c_t.l(libshutdown.o)
    0x000002ec   0x00000000   Code   RO          322    .ARM.Collect$$libshutdown$$00000003  c_t.l(libshutdown2.o)
    0x000002ec   0x00000000   Code   RO          325    .ARM.Collect$$libshutdown$$00000006  c_t.l(libshutdown2.o)
    0x000002ec   0x00000000   Code   RO          328    .ARM.Collect$$libshutdown$$00000009  c_t.l(libshutdown2.o)
    0x000002ec   0x00000000   Code   RO          330    .ARM.Collect$$libshutdown$$0000000B  c_t.l(libshutdown2.o)
    0x000002ec   0x00000000   Code   RO          333    .ARM.Collect$$libshutdown$$0000000E  c_t.l(libshutdown2.o)
    0x000002ec   0x00000006   Code   RO          334    .ARM.Collect$$libshutdown$$0000000F  c_t.l(libshutdown2.o)
    0x000002f2   0x00000002   PAD
    0x000002f4   0x00000000   Code   RO          114    .ARM.Collect$$rtentry$$00000000  c_t.l(rtentry.o)
    0x000002f4   0x00000000   Code   RO          132    .ARM.Collect$$rtentry$$00000002  c_t.l(rtentry2.o)
    0x000002f4   0x00000008   Code   RO          144    .ARM.Collect$$rtentry$$00000004  c_t.l(rtentry4.o)
    0x000002fc   0x00000000   Code   RO          134    .ARM.Collect$$rtentry$$00000009  c_t.l(rtentry2.o)
    0x000002fc   0x00000004   Code   RO          135    .ARM.Collect$$rtentry$$0000000A  c_t.l(rtentry2.o)
    0x00000300   0x00000000   Code   RO          137    .ARM.Collect$$rtentry$$0000000C  c_t.l(rtentry2.o)
    0x00000300   0x00000028   Code   RO          138    .ARM.Collect$$rtentry$$0000000D  c_t.l(rtentry2.o)
    0x00000328   0x00000004   Ven    RO          269    .ARM.Collect$$rtexit$$00000000  c_t.l(rtexit.o)
    0x0000032c   0x00000004   Code   RO          269    .ARM.Collect$$rtexit$$00000000  c_t.l(rtexit.o)
    0x00000330   0x00000000   Code   RO          280    .ARM.Collect$$rtexit$$00000002  c_t.l(rtexit2.o)
    0x00000330   0x00000004   Code   RO          281    .ARM.Collect$$rtexit$$00000003  c_t.l(rtexit2.o)
    0x00000334   0x00000008   Code   RO          282    .ARM.Collect$$rtexit$$00000004  c_t.l(rtexit2.o)
    0x0000033c   0x00000020   Code   RO            4    .text               lpc2300.o
    0x0000035c   0x000002f8   Code   RO           11    .text               lcd.o
    0x00000654   0x000001d4   Code   RO           30    .text               lcd_adc_2024ht01026.o
    0x00000828   0x00000008   Ven    RO           62    .text               c_t.l(noretval__2sprintf.o)
    0x00000830   0x00000028   Code   RO           62    .text               c_t.l(noretval__2sprintf.o)
    0x00000858   0x0000011e   Code   RO           78    .text               c_t.l(__printf_wp.o)
    0x00000976   0x00000002   PAD
    0x00000978   0x00000054   Code   RO           92    .text               c_t.l(rt_memclr_w.o)
    0x000009cc   0x00000006   Code   RO           94    .text               c_t.l(heapauxi.o)
    0x000009d2   0x00000002   PAD
    0x000009d4   0x00000420   Code   RO          115    .text               c_t.l(_printf_fp_dec.o)
    0x00000df4   0x00000030   Code   RO          117    .text               c_t.l(_printf_char_common.o)
    0x00000e24   0x0000000a   Code   RO          119    .text               c_t.l(_sputc.o)
    0x00000e2e   0x00000002   PAD
    0x00000e30   0x00000004   Ven    RO          149    .text               c_t.l(rt_locale_intlibspace.o)
    0x00000e34   0x0000000c   Code   RO          149    .text               c_t.l(rt_locale_intlibspace.o)
    0x00000e40   0x00000004   Ven    RO          151    .text               c_t.l(lludiv10.o)
    0x00000e44   0x000000a0   Code   RO          151    .text               c_t.l(lludiv10.o)
    0x00000ee4   0x00000090   Code   RO          153    .text               c_t.l(_printf_fp_infnan.o)
    0x00000f74   0x000000d8   Code   RO          161    .text               c_t.l(bigflt0.o)
    0x0000104c   0x00000004   Ven    RO          189    .text               c_t.l(rtudiv10.o)
    0x00001050   0x0000002c   Code   RO          189    .text               c_t.l(rtudiv10.o)
    0x0000107c   0x0000000c   Code   RO          195    .text               c_t.l(libspace.o)
    0x00001088   0x00000060   Code   RO          198    .text               c_t.l(sys_stackheap_outer.o)
    0x000010e8   0x0000000c   Code   RO          200    .text               c_t.l(exit.o)
    0x000010f4   0x000000a0   Code   RO          202    .text               c_t.l(strcmp.o)
    0x00001194   0x00000004   Ven    RO          204    .text               c_t.l(aeabi_sdiv.o)
    0x00001198   0x00000180   Code   RO          204    .text               c_t.l(aeabi_sdiv.o)
    0x00001318   0x00000008   Ven    RO          294    .text               c_t.l(sys_exit.o)
    0x00001320   0x0000000c   Code   RO          294    .text               c_t.l(sys_exit.o)
    0x0000132c   0x00000004   Code   RO          309    .text               c_t.l(use_no_semi.o)
    0x00001330   0x00000000   Code   RO          311    .text               c_t.l(indicate_semi.o)
    0x00001330   0x00000004   Ven    RO          164    CL$$btod_d2e        c_t.l(btod.o)
    0x00001334   0x00000038   Code   RO          164    CL$$btod_d2e        c_t.l(btod.o)
    0x0000136c   0x00000054   Code   RO          166    CL$$btod_d2e_denorm_low  c_t.l(btod.o)
    0x000013c0   0x00000068   Code   RO          165    CL$$btod_d2e_norm_op1  c_t.l(btod.o)
    0x00001428   0x0000034c   Code   RO          174    CL$$btod_div_common  c_t.l(btod.o)
    0x00001774   0x000000dc   Code   RO          171    CL$$btod_e2e        c_t.l(btod.o)
    0x00001850   0x00000004   Ven    RO          168    CL$$btod_ediv       c_t.l(btod.o)
    0x00001854   0x00000034   Code   RO          168    CL$$btod_ediv       c_t.l(btod.o)
    0x00001888   0x00000004   Ven    RO          167    CL$$btod_emul       c_t.l(btod.o)
    0x0000188c   0x00000034   Code   RO          167    CL$$btod_emul       c_t.l(btod.o)
    0x000018c0   0x00000268   Code   RO          173    CL$$btod_mult_common  c_t.l(btod.o)
    0x00001b28   0x0000000c   Ven    RO          379    Veneer$$Code        anon$$obj.o
    0x00001b34   0x00000002   Code   RO           68    i.__ARM_common_call_via_r1  c_t.l(__printf.o)
    0x00001b36   0x00000002   Code   RO           66    i.__ARM_common_call_via_r2  c_t.l(__printf.o)
    0x00001b38   0x00000004   Ven    RO          193    i.__ARM_fpclassify  m_ts.l(fpclassify.o)
    0x00001b3c   0x00000030   Code   RO          193    i.__ARM_fpclassify  m_ts.l(fpclassify.o)
    0x00001b6c   0x0000000e   Code   RO           80    i._is_digit         c_t.l(__printf_wp.o)
    0x00001b7a   0x00000002   PAD
    0x00001b7c   0x00000004   Ven    RO          187    locale$$code        c_t.l(lc_numeric_c.o)
    0x00001b80   0x00000050   Code   RO          187    locale$$code        c_t.l(lc_numeric_c.o)
    0x00001bd0   0x0000006c   Code   RO           98    x$fpl$d2f           fz_ts.l(d2f.o)
    0x00001c3c   0x000002e0   Code   RO          101    x$fpl$ddiv          fz_ts.l(ddiv.o)
    0x00001f1c   0x00000058   Code   RO          105    x$fpl$dflt          fz_ts.l(dflt_noclz.o)
    0x00001f74   0x0000000c   Code   RO          104    x$fpl$dfltu         fz_ts.l(dflt_noclz.o)
    0x00001f80   0x00000180   Code   RO          108    x$fpl$dmul          fz_ts.l(dmul.o)
    0x00002100   0x000000c0   Code   RO          122    x$fpl$dnaninf       fz_ts.l(dnaninf.o)
    0x000021c0   0x00000010   Code   RO          124    x$fpl$dretinf       fz_ts.l(dretinf.o)
    0x000021d0   0x00000064   Code   RO          110    x$fpl$f2d           fz_ts.l(f2d.o)
    0x00002234   0x000000a8   Code   RO          126    x$fpl$fnaninf       fz_ts.l(fnaninf.o)
    0x000022dc   0x00000010   Code   RO          128    x$fpl$fretinf       fz_ts.l(fretinf.o)
    0x000022ec   0x00000004   Ven    RO          191    x$fpl$ieeestatus    fz_ts.l(istatus.o)
    0x000022f0   0x00000008   Code   RO          191    x$fpl$ieeestatus    fz_ts.l(istatus.o)
    0x000022f8   0x00000004   Code   RO          112    x$fpl$printf1       fz_ts.l(printf1.o)
    0x000022fc   0x00000000   Code   RO          130    x$fpl$usenofp       fz_ts.l(usenofp.o)
    0x000022fc   0x00000040   Data   RO           12    .constdata          lcd.o
    0x0000233c   0x00000094   Data   RO          162    .constdata          c_t.l(bigflt0.o)
    0x000023d0   0x00000010   Data   RO          357    Region$$Table       anon$$obj.o
    0x000023e0   0x0000001c   Data   RO          186    locale$$data        c_t.l(lc_numeric_c.o)


    Execution Region RW_IRAM1 (Base: 0x40000000, Size: 0x00000568, Max: 0x00008000, ABSOLUTE)

    Base Addr    Size         Type   Attr      Idx    E Section Name        Object

    0x40000000   0x00000060   Zero   RW          196    .bss                c_t.l(libspace.o)
    0x40000060   0x00000000   Zero   RW            2    HEAP                lpc2300.o
    0x40000060   0x00000508   Zero   RW            1    STACK               lpc2300.o


==============================================================================

Image component sizes


      Code (inc. data)   RO Data    RW Data    ZI Data      Debug   Object Name

       760         16         64          0          0       4646   lcd.o
       468         64          0          0          0       3472   lcd_adc_2024ht01026.o
       596         92          0          0       1288        500   lpc2300.o

    ----------------------------------------------------------------------
      1836        176         80          0       1288       8618   Object Totals
        12          4         16          0          0          0   (incl. Generated)
         0          0          0          0          0          0   (incl. Padding)

    ----------------------------------------------------------------------

      Code (inc. data)   RO Data    RW Data    ZI Data      Debug   Library Member Name

         8          0          0          0          0         68   __main.o
         4          0          0          0          0        120   __printf.o
       300          0          0          0          0        152   __printf_wp.o
        60          8          0          0          0          0   __scatter.o
        44          0          0          0          0          0   __scatter_zi.o
        48          4          0          0          0         96   _printf_char_common.o
         8          0          0          0          0          0   _printf_f.o
      1056         14          0          0          0        188   _printf_fp_dec.o
       144         16          0          0          0         88   _printf_fp_infnan.o
         4          0          0          0          0          0   _printf_percent.o
         8          0          0          0          0          0   _printf_percent_end.o
        10          0          0          0          0         60   _sputc.o
       388          0          0          0          0         80   aeabi_sdiv.o
       216          6        148          0          0         96   bigflt0.o
      2040        128          0          0          0        692   btod.o
        12          0          0          0          0         64   exit.o
         6          0          0          0          0        136   heapauxi.o
         0          0          0          0          0          0   indicate_semi.o
        84          8         28          0          0         92   lc_numeric_c.o
        10          0          0          0          0          0   libinit.o
        28          0          0          0          0          0   libinit2.o
        12          0          0          0          0          0   libshutdown.o
         6          0          0          0          0          0   libshutdown2.o
        12          4          0          0         96         68   libspace.o
       164          0          0          0          0         96   lludiv10.o
        48          4          0          0          0         84   noretval__2sprintf.o
        16          4          0          0          0         68   rt_locale_intlibspace.o
        84          0          0          0          0         80   rt_memclr_w.o
         0          0          0          0          0          0   rtentry.o
        44          4          0          0          0          0   rtentry2.o
         8          0          0          0          0          0   rtentry4.o
         8          0          0          0          0          0   rtexit.o
        12          0          0          0          0          0   rtexit2.o
        48          0          0          0          0         68   rtudiv10.o
       160          4          0          0          0         80   strcmp.o
        20          4          0          0          0         60   sys_exit.o
        96          0          0          0          0         80   sys_stackheap_outer.o
         4          0          0          0          0         68   use_no_semi.o
       108          4          0          0          0         92   d2f.o
       736        140          0          0          0        228   ddiv.o
       100          0          0          0          0        136   dflt_noclz.o
       384         16          0          0          0        124   dmul.o
       192          0          0          0          0        108   dnaninf.o
        16          0          0          0          0         68   dretinf.o
       100          4          0          0          0         84   f2d.o
       168          0          0          0          0         96   fnaninf.o
        16          0          0          0          0         68   fretinf.o
        12          0          0          0          0         68   istatus.o
         4          0          0          0          0         68   printf1.o
         0          0          0          0          0          0   usenofp.o
        52          0          0          0          0         68   fpclassify.o

    ----------------------------------------------------------------------
      7120        372        176          0         96       3892   Library Totals
        12          0          0          0          0          0   (incl. Padding)

    ----------------------------------------------------------------------

      Code (inc. data)   RO Data    RW Data    ZI Data      Debug   Library Name

      5220        208        176          0         96       2684   c_t.l
      1836        164          0          0          0       1140   fz_ts.l
        52          0          0          0          0         68   m_ts.l

    ----------------------------------------------------------------------
      7120        372        176          0         96       3892   Library Totals

    ----------------------------------------------------------------------

==============================================================================


      Code (inc. data)   RO Data    RW Data    ZI Data      Debug   

      8956        548        256          0       1384      10274   Grand Totals
      8956        548        256          0       1384      10274   ELF Image Totals
      8956        548        256          0          0          0   ROM Totals

==============================================================================

    Total RO  Size (Code + RO Data)                 9212 (   9.00kB)
    Total RW  Size (RW Data + ZI Data)              1384 (   1.35kB)
    Total ROM Size (Code + RO Data + RW Data)       9212 (   9.00kB)

==============================================================================

